// Jest Snapshot v1, https://goo.gl/fbAQLP

exports[`<App /> render component App without troubles 1`] = `ShallowWrapper {}`;
